// Jest Snapshot v1, https://goo.gl/fbAQLP

exports[`<Nav /> renders a minimal nav when signed out  1`] = `
Array [
  <NavStyles
    data-test="nav"
  >
    <ul
      className="NavStyles-sc-11c0d2g-0 gvgyYE"
      data-test="nav"
    >
      <Link
        href="/items"
      >
        <a
          href="/items"
          onClick={[Function]}
        >
          Shop
        </a>
      </Link>
      <Link
        href="/signup"
      >
        <a
          href="/signup"
          onClick={[Function]}
        >
          Sign In
        </a>
      </Link>
    </ul>
  </NavStyles>,
  <ul
    className="NavStyles-sc-11c0d2g-0 gvgyYE"
    data-test="nav"
  >
    <Link
      href="/items"
    >
      <a
        href="/items"
        onClick={[Function]}
      >
        Shop
      </a>
    </Link>
    <Link
      href="/signup"
    >
      <a
        href="/signup"
        onClick={[Function]}
      >
        Sign In
      </a>
    </Link>
  </ul>,
]
`;

exports[`<Nav /> renders them amount of items in the cart  1`] = `
Array [
  <CSSTransition
    className="count"
    classNames="count"
    in={true}
    key=".$9"
    onExited={[Function]}
    timeout={
      Object {
        "enter": 400,
        "exit": 400,
      }
    }
    unmountOnExit={true}
  >
    <Transition
      appear={false}
      className="count"
      enter={true}
      exit={true}
      in={true}
      mountOnEnter={false}
      onEnter={[Function]}
      onEntered={[Function]}
      onEntering={[Function]}
      onExit={[Function]}
      onExited={[Function]}
      onExiting={[Function]}
      timeout={
        Object {
          "enter": 400,
          "exit": 400,
        }
      }
      unmountOnExit={true}
    >
      <CartCount__Dot
        className="count"
      >
        <div
          className="count CartCount__Dot-xxvp4g-1 kDZyEW"
        >
          9
        </div>
      </CartCount__Dot>
    </Transition>
  </CSSTransition>,
  <Transition
    appear={false}
    className="count"
    enter={true}
    exit={true}
    in={true}
    mountOnEnter={false}
    onEnter={[Function]}
    onEntered={[Function]}
    onEntering={[Function]}
    onExit={[Function]}
    onExited={[Function]}
    onExiting={[Function]}
    timeout={
      Object {
        "enter": 400,
        "exit": 400,
      }
    }
    unmountOnExit={true}
  >
    <CartCount__Dot
      className="count"
    >
      <div
        className="count CartCount__Dot-xxvp4g-1 kDZyEW"
      >
        9
      </div>
    </CartCount__Dot>
  </Transition>,
  <CartCount__Dot
    className="count"
  >
    <div
      className="count CartCount__Dot-xxvp4g-1 kDZyEW"
    >
      9
    </div>
  </CartCount__Dot>,
  <div
    className="count CartCount__Dot-xxvp4g-1 kDZyEW"
  >
    9
  </div>,
]
`;
